// Jest Snapshot v1, https://goo.gl/fbAQLP

exports[`routes tests Routes are valid 1`] = `
Object {
  "AboutScreen": Object {
    "screen": [Function],
  },
  "HomeScreen": Object {
    "screen": [Function],
  },
}
`;
